Archive member included to satisfy reference by file (symbol)

.\CortexM3\ARM_GCC_541\Debug\pulseDet_2.a(isr_match.o)
                              .\CortexM3\ARM_GCC_541\Debug\main.o (isr_match_Enable)
.\CortexM3\ARM_GCC_541\Debug\pulseDet_2.a(preCounter_Reg_2.o)
                              .\CortexM3\ARM_GCC_541\Debug\main.o (preCounter_Reg_2_Read)
.\CortexM3\ARM_GCC_541\Debug\pulseDet_2.a(preCounter_Reg_1.o)
                              .\CortexM3\ARM_GCC_541\Debug\main.o (preCounter_Reg_1_Read)
.\CortexM3\ARM_GCC_541\Debug\pulseDet_2.a(preCounter_Reg_3.o)
                              .\CortexM3\ARM_GCC_541\Debug\main.o (preCounter_Reg_3_Read)
.\CortexM3\ARM_GCC_541\Debug\pulseDet_2.a(PWM_1.o)
                              .\CortexM3\ARM_GCC_541\Debug\main.o (PWM_1_Start)
.\CortexM3\ARM_GCC_541\Debug\pulseDet_2.a(CyLib.o)
                              .\CortexM3\ARM_GCC_541\Debug\Cm3Start.o (CyHalt)
.\CortexM3\ARM_GCC_541\Debug\pulseDet_2.a(cyPm.o)
                              .\CortexM3\ARM_GCC_541\Debug\pulseDet_2.a(CyLib.o) (CyPmReadStatus)
.\CortexM3\ARM_GCC_541\Debug\pulseDet_2.a(isr_Rx_1.o)
                              .\CortexM3\ARM_GCC_541\Debug\main.o (isr_Rx_1_StartEx)
.\CortexM3\ARM_GCC_541\Debug\pulseDet_2.a(UART_1.o)
                              .\CortexM3\ARM_GCC_541\Debug\main.o (UART_1_Start)
.\CortexM3\ARM_GCC_541\Debug\pulseDet_2.a(UART_1_IntClock.o)
                              .\CortexM3\ARM_GCC_541\Debug\pulseDet_2.a(UART_1.o) (UART_1_IntClock_Start)
.\CortexM3\ARM_GCC_541\Debug\pulseDet_2.a(Counter_Reg_1.o)
                              .\CortexM3\ARM_GCC_541\Debug\main.o (Counter_Reg_1_Read)
.\CortexM3\ARM_GCC_541\Debug\pulseDet_2.a(Counter_Reg_2.o)
                              .\CortexM3\ARM_GCC_541\Debug\main.o (Counter_Reg_2_Read)
.\CortexM3\ARM_GCC_541\Debug\pulseDet_2.a(Counter_Reg_3.o)
                              .\CortexM3\ARM_GCC_541\Debug\main.o (Counter_Reg_3_Read)
.\CortexM3\ARM_GCC_541\Debug\pulseDet_2.a(preCount_th_Reg_3.o)
                              .\CortexM3\ARM_GCC_541\Debug\main.o (preCount_th_Reg_3_Write)
.\CortexM3\ARM_GCC_541\Debug\pulseDet_2.a(preCount_th_Reg_2.o)
                              .\CortexM3\ARM_GCC_541\Debug\main.o (preCount_th_Reg_2_Write)
.\CortexM3\ARM_GCC_541\Debug\pulseDet_2.a(preCount_th_Reg_1.o)
                              .\CortexM3\ARM_GCC_541\Debug\main.o (preCount_th_Reg_1_Write)
.\CortexM3\ARM_GCC_541\Debug\pulseDet_2.a(Count_th_Reg_2.o)
                              .\CortexM3\ARM_GCC_541\Debug\main.o (Count_th_Reg_2_Write)
.\CortexM3\ARM_GCC_541\Debug\pulseDet_2.a(Count_th_Reg_1.o)
                              .\CortexM3\ARM_GCC_541\Debug\main.o (Count_th_Reg_1_Write)
.\CortexM3\ARM_GCC_541\Debug\pulseDet_2.a(Control_Reg_1.o)
                              .\CortexM3\ARM_GCC_541\Debug\main.o (Control_Reg_1_Write)
.\CortexM3\ARM_GCC_541\Debug\pulseDet_2.a(Count_th_Reg_3.o)
                              .\CortexM3\ARM_GCC_541\Debug\main.o (Count_th_Reg_3_Write)
.\CortexM3\ARM_GCC_541\Debug\pulseDet_2.a(CyBootAsmGnu.o)
                              .\CortexM3\ARM_GCC_541\Debug\cyfitter_cfg.o (CyDelayCycles)
.\CortexM3\ARM_GCC_541\Debug\pulseDet_2.a(CyFlash.o)
                              .\CortexM3\ARM_GCC_541\Debug\pulseDet_2.a(cyPm.o) (CyFlash_SetWaitCycles)
.\CortexM3\ARM_GCC_541\Debug\pulseDet_2.a(CySpc.o)
                              .\CortexM3\ARM_GCC_541\Debug\pulseDet_2.a(CyFlash.o) (CySpcStart)
c:/program files (x86)/cypress/psoc creator/4.2/psoc creator/import/gnu/arm/5.4.1/bin/../lib/gcc/arm-none-eabi/5.4.1/../../../../arm-none-eabi/lib/armv7-m\libg_nano.a(lib_a-errno.o)
                              .\CortexM3\ARM_GCC_541\Debug\Cm3Start.o (__errno)
c:/program files (x86)/cypress/psoc creator/4.2/psoc creator/import/gnu/arm/5.4.1/bin/../lib/gcc/arm-none-eabi/5.4.1/../../../../arm-none-eabi/lib/armv7-m\libg_nano.a(lib_a-exit.o)
                              c:/program files (x86)/cypress/psoc creator/4.2/psoc creator/import/gnu/arm/5.4.1/bin/../lib/gcc/arm-none-eabi/5.4.1/../../../../arm-none-eabi/lib/armv7-m/crt0.o (exit)
c:/program files (x86)/cypress/psoc creator/4.2/psoc creator/import/gnu/arm/5.4.1/bin/../lib/gcc/arm-none-eabi/5.4.1/../../../../arm-none-eabi/lib/armv7-m\libg_nano.a(lib_a-impure.o)
                              c:/program files (x86)/cypress/psoc creator/4.2/psoc creator/import/gnu/arm/5.4.1/bin/../lib/gcc/arm-none-eabi/5.4.1/../../../../arm-none-eabi/lib/armv7-m\libg_nano.a(lib_a-exit.o) (_global_impure_ptr)
c:/program files (x86)/cypress/psoc creator/4.2/psoc creator/import/gnu/arm/5.4.1/bin/../lib/gcc/arm-none-eabi/5.4.1/../../../../arm-none-eabi/lib/armv7-m\libg_nano.a(lib_a-init.o)
                              c:/program files (x86)/cypress/psoc creator/4.2/psoc creator/import/gnu/arm/5.4.1/bin/../lib/gcc/arm-none-eabi/5.4.1/../../../../arm-none-eabi/lib/armv7-m/crt0.o (__libc_init_array)
[...]
Memory Configuration

Name             Origin             Length             Attributes
rom              0x00000000         0x00040000         xr
ram              0x1fff8000         0x00010000         xrw
*default*        0x00000000         0xffffffff

Linker script and memory map

LOAD c:/program files (x86)/cypress/psoc creator/4.2/psoc creator/import/gnu/arm/5.4.1/bin/../lib/gcc/arm-none-eabi/5.4.1/armv7-m/crti.o
LOAD c:/program files (x86)/cypress/psoc creator/4.2/psoc creator/import/gnu/arm/5.4.1/bin/../lib/gcc/arm-none-eabi/5.4.1/armv7-m/crtbegin.o
LOAD c:/program files (x86)/cypress/psoc creator/4.2/psoc creator/import/gnu/arm/5.4.1/bin/../lib/gcc/arm-none-eabi/5.4.1/../../../../arm-none-eabi/lib/armv7-m/crt0.o
START GROUP
LOAD .\CortexM3\ARM_GCC_541\Debug\main.o
LOAD .\CortexM3\ARM_GCC_541\Debug\cyfitter_cfg.o
LOAD .\CortexM3\ARM_GCC_541\Debug\cymetadata.o
LOAD .\CortexM3\ARM_GCC_541\Debug\Cm3Start.o
LOAD .\CortexM3\ARM_GCC_541\Debug\pulseDet_2.a
LOAD C:\Program Files (x86)\Cypress\PSoC Creator\4.2\PSoC Creator\psoc\content\cycomponentlibrary\CyComponentLibrary.cylib\CortexM3\ARM_GCC_541\Debug\CyComponentLibrary.a
END GROUP
START GROUP
LOAD c:/program files (x86)/cypress/psoc creator/4.2/psoc creator/import/gnu/arm/5.4.1/bin/../lib/gcc/arm-none-eabi/5.4.1/armv7-m\libgcc.a
LOAD c:/program files (x86)/cypress/psoc creator/4.2/psoc creator/import/gnu/arm/5.4.1/bin/../lib/gcc/arm-none-eabi/5.4.1/../../../../arm-none-eabi/lib/armv7-m\libg_nano.a
LOAD c:/program files (x86)/cypress/psoc creator/4.2/psoc creator/import/gnu/arm/5.4.1/bin/../lib/gcc/arm-none-eabi/5.4.1/../../../../arm-none-eabi/lib/armv7-m\libc_nano.a
END GROUP
START GROUP
LOAD c:/program files (x86)/cypress/psoc creator/4.2/psoc creator/import/gnu/arm/5.4.1/bin/../lib/gcc/arm-none-eabi/5.4.1/armv7-m\libgcc.a
LOAD c:/program files (x86)/cypress/psoc creator/4.2/psoc creator/import/gnu/arm/5.4.1/bin/../lib/gcc/arm-none-eabi/5.4.1/../../../../arm-none-eabi/lib/armv7-m\libc_nano.a
END GROUP
LOAD c:/program files (x86)/cypress/psoc creator/4.2/psoc creator/import/gnu/arm/5.4.1/bin/../lib/gcc/arm-none-eabi/5.4.1/armv7-m/crtend.o
LOAD c:/program files (x86)/cypress/psoc creator/4.2/psoc creator/import/gnu/arm/5.4.1/bin/../lib/gcc/arm-none-eabi/5.4.1/armv7-m/crtn.o
START GROUP
LOAD c:/program files (x86)/cypress/psoc creator/4.2/psoc creator/import/gnu/arm/5.4.1/bin/../lib/gcc/arm-none-eabi/5.4.1/armv7-m\libgcc.a
LOAD c:/program files (x86)/cypress/psoc creator/4.2/psoc creator/import/gnu/arm/5.4.1/bin/../lib/gcc/arm-none-eabi/5.4.1/../../../../arm-none-eabi/lib/armv7-m\libc.a
LOAD c:/program files (x86)/cypress/psoc creator/4.2/psoc creator/import/gnu/arm/5.4.1/bin/../lib/gcc/arm-none-eabi/5.4.1/../../../../arm-none-eabi/lib/armv7-m\libnosys.a
END GROUP
                0x00000000                CY_APPL_ORIGIN = 0x0
                0x00000100                CY_FLASH_ROW_SIZE = 0x100
                0x00000020                CY_ECC_ROW_SIZE = 0x20
                0x00000000                CY_EE_IN_BTLDR = 0x0
                0x00000000                CY_APPL_LOADABLE = 0x0
                0x00000800                CY_EE_SIZE = 0x800
                0x00000001                CY_APPL_NUM = 0x1
                0x00000001                CY_APPL_MAX = 0x1
                0x00000040                CY_METADATA_SIZE = 0x40
                0x00000000                CY_APPL_LOADABLE = 0x0
                0x00000000                CY_CHECKSUM_EXCLUDE_SIZE = ALIGN (0x0, CY_FLASH_ROW_SIZE)
                [!provide]                PROVIDE (__cy_heap_start, _end)
                0x00000001                PROVIDE (__cy_region_num, ((__cy_regions_end - __cy_regions) / 0x10))
                0x20008000                PROVIDE (__cy_stack, (ORIGIN (ram) + LENGTH (ram)))
                [!provide]                PROVIDE (__cy_heap_end, (__cy_stack - 0x800))

.cybootloader   0x00000000        0x0
 *(.cybootloader)
                0x00000000                appl1_start = CY_APPL_ORIGIN?CY_APPL_ORIGIN:ALIGN (CY_FLASH_ROW_SIZE)
                0x0001ff00                appl2_start = (appl1_start + ALIGN ((((LENGTH (rom) - appl1_start) - (0x2 * CY_FLASH_ROW_SIZE)) / 0x2), CY_FLASH_ROW_SIZE))
                0x00000000                appl_start = (CY_APPL_NUM == 0x1)?appl1_start:appl2_start
                0x00000000                ecc_offset = ((appl_start / CY_FLASH_ROW_SIZE) * CY_ECC_ROW_SIZE)
                0x00000000                ee_offset = (CY_APPL_LOADABLE && ! (CY_EE_IN_BTLDR))?((CY_EE_SIZE / CY_APPL_MAX) * (CY_APPL_NUM - 0x1)):0x0
                0x00000800                ee_size = (CY_APPL_LOADABLE && ! (CY_EE_IN_BTLDR))?(CY_EE_SIZE / CY_APPL_MAX):CY_EE_SIZE
                [!provide]                PROVIDE (CY_ECC_OFFSET, ecc_offset)

.text           0x00000000      0x97e
 CREATE_OBJECT_SYMBOLS
                0x00000000                PROVIDE (__cy_interrupt_vector, RomVectors)
 *(.romvectors)
 .romvectors    0x00000000       0x10 .\CortexM3\ARM_GCC_541\Debug\Cm3Start.o
                0x00000000                RomVectors
                0x00000001                ASSERT ((. != __cy_interrupt_vector), No interrupt vector)
                0x00000001                ASSERT (CY_APPL_ORIGIN?(SIZEOF (.cybootloader) <= CY_APPL_ORIGIN):0x1, Wrong image location)
                0x00000010                PROVIDE (__cy_reset, Reset)
 *(.text.Reset)
 .text.Reset    0x00000010       0x18 .\CortexM3\ARM_GCC_541\Debug\Cm3Start.o
                0x00000010                Reset
                0x00000001                ASSERT ((. != __cy_reset), No reset code)
 *(.dma_init)
                0x00000001                ASSERT ((((appl_start + .) <= 0x10000) || 0x1), DMA Init must be within the first 64k of flash)
 *(.text .text.* .gnu.linkonce.t.*)
 .text          0x00000028       0x5c c:/program files (x86)/cypress/psoc creator/4.2/psoc creator/import/gnu/arm/5.4.1/bin/../lib/gcc/arm-none-eabi/5.4.1/armv7-m/crtbegin.o
 .text.matchInterrupt_handler
                0x00000084        0xc .\CortexM3\ARM_GCC_541\Debug\main.o
                0x00000084                matchInterrupt_handler
 .text.standby_state_process
                0x00000090        0x4 .\CortexM3\ARM_GCC_541\Debug\main.o
                0x00000090                standby_state_process
 .text.RxInterrupt_1
                0x00000094       0x10 .\CortexM3\ARM_GCC_541\Debug\main.o
                0x00000094                RxInterrupt_1
 .text.exit_state_process
                0x000000a4       0x1c .\CortexM3\ARM_GCC_541\Debug\main.o
                0x000000a4                exit_state_process
 .text.scanOff_state_process
                0x000000c0       0x18 .\CortexM3\ARM_GCC_541\Debug\main.o
                0x000000c0                scanOff_state_process
 .text.start_state_process
                0x000000d8       0x38 .\CortexM3\ARM_GCC_541\Debug\main.o
                0x000000d8                start_state_process
 .text.setRegs_state_process
                0x00000110       0x90 .\CortexM3\ARM_GCC_541\Debug\main.o
                0x00000110                setRegs_state_process
 .text.scanOn_state_process
                0x000001a0       0x20 .\CortexM3\ARM_GCC_541\Debug\main.o
                0x000001a0                scanOn_state_process
 .text.sampler_state_process
                0x000001c0       0x50 .\CortexM3\ARM_GCC_541\Debug\main.o
                0x000001c0                sampler_state_process
 .text.main     0x00000210       0x50 .\CortexM3\ARM_GCC_541\Debug\main.o
                0x00000210                main
 .text.CyClockStartupError
                0x00000260        0x4 .\CortexM3\ARM_GCC_541\Debug\cyfitter_cfg.o
 .text.cfg_write_bytes32
                0x00000264       0x34 .\CortexM3\ARM_GCC_541\Debug\cyfitter_cfg.o
 .text.AnalogSetDefault
                0x00000298       0x28 .\CortexM3\ARM_GCC_541\Debug\cyfitter_cfg.o
 .text.CYMEMZERO
                0x000002c0        0xc .\CortexM3\ARM_GCC_541\Debug\cyfitter_cfg.o
 .text.ClockSetup
                0x000002cc      0x108 .\CortexM3\ARM_GCC_541\Debug\cyfitter_cfg.o
 .text.CYCONFIGCPY
                0x000003d4        0x8 .\CortexM3\ARM_GCC_541\Debug\cyfitter_cfg.o
 .text.cyfitter_cfg
                0x000003dc      0x124 .\CortexM3\ARM_GCC_541\Debug\cyfitter_cfg.o
                0x000003dc                cyfitter_cfg
 .text.IntDefaultHandler
                0x00000500       0x10 .\CortexM3\ARM_GCC_541\Debug\Cm3Start.o
                0x00000500                IntDefaultHandler
 .text.Start_c  0x00000510       0x4c .\CortexM3\ARM_GCC_541\Debug\Cm3Start.o
                0x00000510                Start_c
 .text.initialize_psoc
                0x0000055c       0x68 .\CortexM3\ARM_GCC_541\Debug\Cm3Start.o
                0x0000055c                initialize_psoc
 .text.isr_match_SetVector
                0x000005c4        0xc .\CortexM3\ARM_GCC_541\Debug\pulseDet_2.a(isr_match.o)
                0x000005c4                isr_match_SetVector
 .text.isr_match_SetPriority
                0x000005d0       0x10 .\CortexM3\ARM_GCC_541\Debug\pulseDet_2.a(isr_match.o)
                0x000005d0                isr_match_SetPriority
 .text.isr_match_Enable
                0x000005e0        0xc .\CortexM3\ARM_GCC_541\Debug\pulseDet_2.a(isr_match.o)
                0x000005e0                isr_match_Enable
 .text.isr_match_Disable
                0x000005ec        0xc .\CortexM3\ARM_GCC_541\Debug\pulseDet_2.a(isr_match.o)
                0x000005ec                isr_match_Disable
 .text.isr_match_StartEx
                0x000005f8       0x1c .\CortexM3\ARM_GCC_541\Debug\pulseDet_2.a(isr_match.o)
                0x000005f8                isr_match_StartEx
 .text.preCounter_Reg_2_Read
                0x00000614        0xc .\CortexM3\ARM_GCC_541\Debug\pulseDet_2.a(preCounter_Reg_2.o)
                0x00000614                preCounter_Reg_2_Read
 .text.preCounter_Reg_1_Read
                0x00000620        0xc .\CortexM3\ARM_GCC_541\Debug\pulseDet_2.a(preCounter_Reg_1.o)
                0x00000620                preCounter_Reg_1_Read
 .text.preCounter_Reg_3_Read
                0x0000062c        0xc .\CortexM3\ARM_GCC_541\Debug\pulseDet_2.a(preCounter_Reg_3.o)
                0x0000062c                preCounter_Reg_3_Read
 .text.PWM_1_Enable
                0x00000638       0x28 .\CortexM3\ARM_GCC_541\Debug\pulseDet_2.a(PWM_1.o)
                0x00000638                PWM_1_Enable
 .text.PWM_1_WritePeriod
                0x00000660        0xc .\CortexM3\ARM_GCC_541\Debug\pulseDet_2.a(PWM_1.o)
                0x00000660                PWM_1_WritePeriod
 .text.PWM_1_WriteCompare
                0x0000066c        0xc .\CortexM3\ARM_GCC_541\Debug\pulseDet_2.a(PWM_1.o)
                0x0000066c                PWM_1_WriteCompare
 .text.PWM_1_SetInterruptMode
                0x00000678        0xc .\CortexM3\ARM_GCC_541\Debug\pulseDet_2.a(PWM_1.o)
                0x00000678                PWM_1_SetInterruptMode
 .text.PWM_1_Init
                0x00000684       0x74 .\CortexM3\ARM_GCC_541\Debug\pulseDet_2.a(PWM_1.o)
                0x00000684                PWM_1_Init
 .text.PWM_1_Start
                0x000006f8       0x1c .\CortexM3\ARM_GCC_541\Debug\pulseDet_2.a(PWM_1.o)
                0x000006f8                PWM_1_Start
 .text.isr_Rx_1_SetVector
                0x00000714        0xc .\CortexM3\ARM_GCC_541\Debug\pulseDet_2.a(isr_Rx_1.o)
                0x00000714                isr_Rx_1_SetVector
 .text.isr_Rx_1_SetPriority
                0x00000720       0x10 .\CortexM3\ARM_GCC_541\Debug\pulseDet_2.a(isr_Rx_1.o)
                0x00000720                isr_Rx_1_SetPriority
 .text.isr_Rx_1_Enable
                0x00000730        0xc .\CortexM3\ARM_GCC_541\Debug\pulseDet_2.a(isr_Rx_1.o)
                0x00000730                isr_Rx_1_Enable
 .text.isr_Rx_1_Disable
                0x0000073c        0xc .\CortexM3\ARM_GCC_541\Debug\pulseDet_2.a(isr_Rx_1.o)
                0x0000073c                isr_Rx_1_Disable
 .text.isr_Rx_1_StartEx
                0x00000748       0x1c .\CortexM3\ARM_GCC_541\Debug\pulseDet_2.a(isr_Rx_1.o)
                0x00000748                isr_Rx_1_StartEx
 .text.UART_1_Init
                0x00000764       0x28 .\CortexM3\ARM_GCC_541\Debug\pulseDet_2.a(UART_1.o)
                0x00000764                UART_1_Init
 .text.UART_1_Enable
                0x0000078c       0x38 .\CortexM3\ARM_GCC_541\Debug\pulseDet_2.a(UART_1.o)
                0x0000078c                UART_1_Enable
 .text.UART_1_Start
                0x000007c4       0x1c .\CortexM3\ARM_GCC_541\Debug\pulseDet_2.a(UART_1.o)
                0x000007c4                UART_1_Start
 .text.UART_1_GetChar
                0x000007e0       0x2c .\CortexM3\ARM_GCC_541\Debug\pulseDet_2.a(UART_1.o)
                0x000007e0                UART_1_GetChar
 .text.UART_1_PutChar
                0x0000080c       0x18 .\CortexM3\ARM_GCC_541\Debug\pulseDet_2.a(UART_1.o)
                0x0000080c                UART_1_PutChar
 .text.UART_1_PutArray
                0x00000824       0x28 .\CortexM3\ARM_GCC_541\Debug\pulseDet_2.a(UART_1.o)
                0x00000824                UART_1_PutArray
 .text.UART_1_IntClock_Start
                0x0000084c       0x1c .\CortexM3\ARM_GCC_541\Debug\pulseDet_2.a(UART_1_IntClock.o)
                0x0000084c                UART_1_IntClock_Start
 .text.Counter_Reg_1_Read
                0x00000868        0xc .\CortexM3\ARM_GCC_541\Debug\pulseDet_2.a(Counter_Reg_1.o)
                0x00000868                Counter_Reg_1_Read
 .text.Counter_Reg_2_Read
                0x00000874        0xc .\CortexM3\ARM_GCC_541\Debug\pulseDet_2.a(Counter_Reg_2.o)
                0x00000874                Counter_Reg_2_Read
 .text.Counter_Reg_3_Read
                0x00000880        0xc .\CortexM3\ARM_GCC_541\Debug\pulseDet_2.a(Counter_Reg_3.o)
                0x00000880                Counter_Reg_3_Read
 .text.preCount_th_Reg_3_Write
                0x0000088c        0xc .\CortexM3\ARM_GCC_541\Debug\pulseDet_2.a(preCount_th_Reg_3.o)
                0x0000088c                preCount_th_Reg_3_Write
 .text.preCount_th_Reg_2_Write
                0x00000898        0xc .\CortexM3\ARM_GCC_541\Debug\pulseDet_2.a(preCount_th_Reg_2.o)
                0x00000898                preCount_th_Reg_2_Write
 .text.preCount_th_Reg_1_Write
                0x000008a4        0xc .\CortexM3\ARM_GCC_541\Debug\pulseDet_2.a(preCount_th_Reg_1.o)
                0x000008a4                preCount_th_Reg_1_Write
 .text.Count_th_Reg_2_Write
                0x000008b0        0xc .\CortexM3\ARM_GCC_541\Debug\pulseDet_2.a(Count_th_Reg_2.o)
                0x000008b0                Count_th_Reg_2_Write
 .text.Count_th_Reg_1_Write
                0x000008bc        0xc .\CortexM3\ARM_GCC_541\Debug\pulseDet_2.a(Count_th_Reg_1.o)
                0x000008bc                Count_th_Reg_1_Write
 .text.Control_Reg_1_Write
                0x000008c8        0xc .\CortexM3\ARM_GCC_541\Debug\pulseDet_2.a(Control_Reg_1.o)
                0x000008c8                Control_Reg_1_Write
 .text.Count_th_Reg_3_Write
                0x000008d4        0xc .\CortexM3\ARM_GCC_541\Debug\pulseDet_2.a(Count_th_Reg_3.o)
                0x000008d4                Count_th_Reg_3_Write
 .text          0x000008e0       0x20 .\CortexM3\ARM_GCC_541\Debug\pulseDet_2.a(CyBootAsmGnu.o)
                0x000008e0                CyDelayCycles
                0x000008f0                CyEnterCriticalSection
                0x000008f8                CyExitCriticalSection
 .text.__errno  0x00000900        0xc c:/program files (x86)/cypress/psoc creator/4.2/psoc creator/import/gnu/arm/5.4.1/bin/../lib/gcc/arm-none-eabi/5.4.1/../../../../arm-none-eabi/lib/armv7-m\libg_nano.a(lib_a-errno.o)
                0x00000900                __errno
 .text.__libc_init_array
                0x0000090c       0x4c c:/program files (x86)/cypress/psoc creator/4.2/psoc creator/import/gnu/arm/5.4.1/bin/../lib/gcc/arm-none-eabi/5.4.1/../../../../arm-none-eabi/lib/armv7-m\libg_nano.a(lib_a-init.o)
                0x0000090c                __libc_init_array
 .text.memcpy   0x00000958       0x16 c:/program files (x86)/cypress/psoc creator/4.2/psoc creator/import/gnu/arm/5.4.1/bin/../lib/gcc/arm-none-eabi/5.4.1/../../../../arm-none-eabi/lib/armv7-m\libg_nano.a(lib_a-memcpy-stub.o)
                0x00000958                memcpy
 .text.memset   0x0000096e       0x10 c:/program files (x86)/cypress/psoc creator/4.2/psoc creator/import/gnu/arm/5.4.1/bin/../lib/gcc/arm-none-eabi/5.4.1/../../../../arm-none-eabi/lib/armv7-m\libg_nano.a(lib_a-memset.o)
                0x0000096e                memset
 *(.plt)
 *(.gnu.warning)
 *(.glue_7t)
 .glue_7t       0x0000097e        0x0 linker stubs
 *(.glue_7)
 .glue_7        0x0000097e        0x0 linker stubs
 *(.vfp11_veneer)
 .vfp11_veneer  0x0000097e        0x0 linker stubs
 *(.bootloader)
 *(.ARM.extab* .gnu.linkonce.armextab.*)
 *(.gcc_except_table)

.v4_bx          0x00000980        0x0
 .v4_bx         0x00000980        0x0 linker stubs

.iplt           0x00000980        0x0
 .iplt          0x00000980        0x0 c:/program files (x86)/cypress/psoc creator/4.2/psoc creator/import/gnu/arm/5.4.1/bin/../lib/gcc/arm-none-eabi/5.4.1/armv7-m/crtbegin.o

.eh_frame_hdr
 *(.eh_frame_hdr)

.eh_frame       0x00000980        0x4
 *(.eh_frame)
 .eh_frame      0x00000980        0x0 c:/program files (x86)/cypress/psoc creator/4.2/psoc creator/import/gnu/arm/5.4.1/bin/../lib/gcc/arm-none-eabi/5.4.1/armv7-m/crtbegin.o
 .eh_frame      0x00000980        0x4 c:/program files (x86)/cypress/psoc creator/4.2/psoc creator/import/gnu/arm/5.4.1/bin/../lib/gcc/arm-none-eabi/5.4.1/armv7-m/crtend.o
                [!provide]                PROVIDE (__exidx_start, .)

.ARM.exidx
 *(.ARM.exidx* .gnu.linkonce.armexidx.*)
                0x00000984                __exidx_end = .

.rodata         0x00000984       0x84
 *(.rodata .rodata.* .gnu.linkonce.r.*)
 .rodata        0x00000984       0x4c .\CortexM3\ARM_GCC_541\Debug\cyfitter_cfg.o
 .rodata.str1.1
                0x000009d0        0x2 c:/program files (x86)/cypress/psoc creator/4.2/psoc creator/import/gnu/arm/5.4.1/bin/../lib/gcc/arm-none-eabi/5.4.1/../../../../arm-none-eabi/lib/armv7-m\libg_nano.a(lib_a-impure.o)
                0x000009d4                . = ALIGN (0x4)
 *fill*         0x000009d2        0x2 
 *(.init)
 .init          0x000009d4        0x4 c:/program files (x86)/cypress/psoc creator/4.2/psoc creator/import/gnu/arm/5.4.1/bin/../lib/gcc/arm-none-eabi/5.4.1/armv7-m/crti.o
                0x000009d4                _init
 .init          0x000009d8        0x8 c:/program files (x86)/cypress/psoc creator/4.2/psoc creator/import/gnu/arm/5.4.1/bin/../lib/gcc/arm-none-eabi/5.4.1/armv7-m/crtn.o
                0x000009e0                . = ALIGN (0x4)
                0x000009e0                __preinit_array_start = .
 *(.preinit_array)
                0x000009e0                __preinit_array_end = .
                0x000009e0                . = ALIGN (0x4)
                0x000009e0                __init_array_start = .
 *(SORT(.init_array.*))
 *(.init_array)
 .init_array    0x000009e0        0x4 c:/program files (x86)/cypress/psoc creator/4.2/psoc creator/import/gnu/arm/5.4.1/bin/../lib/gcc/arm-none-eabi/5.4.1/armv7-m/crtbegin.o
 .init_array    0x000009e4        0x4 .\CortexM3\ARM_GCC_541\Debug\Cm3Start.o
                0x000009e8                __init_array_end = .
                0x000009e8                . = ALIGN (0x4)
 *(.fini)
 .fini          0x000009e8        0x4 c:/program files (x86)/cypress/psoc creator/4.2/psoc creator/import/gnu/arm/5.4.1/bin/../lib/gcc/arm-none-eabi/5.4.1/armv7-m/crti.o
                0x000009e8                _fini
 .fini          0x000009ec        0x8 c:/program files (x86)/cypress/psoc creator/4.2/psoc creator/import/gnu/arm/5.4.1/bin/../lib/gcc/arm-none-eabi/5.4.1/armv7-m/crtn.o
                0x000009f4                . = ALIGN (0x4)
                0x000009f4                __fini_array_start = .
 *(.fini_array)
 .fini_array    0x000009f4        0x4 c:/program files (x86)/cypress/psoc creator/4.2/psoc creator/import/gnu/arm/5.4.1/bin/../lib/gcc/arm-none-eabi/5.4.1/armv7-m/crtbegin.o
 *(SORT(.fini_array.*))
                0x000009f8                __fini_array_end = .
                0x000009f8                . = ALIGN (0x4)
 *crtbegin.o(.ctors)
 *(EXCLUDE_FILE(*crtend.o) .ctors)
 *(SORT(.ctors.*))
 *crtend.o(.ctors)
                0x000009f8                . = ALIGN (0x4)
 *crtbegin.o(.dtors)
 *(EXCLUDE_FILE(*crtend.o) .dtors)
 *(SORT(.dtors.*))
 *crtend.o(.dtors)
                0x000009f8                . = ALIGN (0x4)
                0x000009f8                __cy_regions = .
                0x000009f8        0x4 LONG 0xa08 __cy_region_init_ram
                0x000009fc        0x4 LONG 0x1fff80c8 __cy_region_start_data
                0x00000a00        0x4 LONG 0x88 __cy_region_init_size_ram
                0x00000a04        0x4 LONG 0x30 __cy_region_zero_size_ram
                0x00000a08                __cy_regions_end = .
                0x00000a08                . = ALIGN (0x8)
                0x00000a08                _etext = .

.cy_checksum_exclude
                0x00000a08        0x0
 *(.cy_checksum_exclude)

.ramvectors     0x1fff8000       0xc0
                0x1fff8000                __cy_region_start_ram = .
 *(.ramvectors)
 .ramvectors    0x1fff8000       0xc0 .\CortexM3\ARM_GCC_541\Debug\Cm3Start.o
                0x1fff8000                CyRamVectors

.noinit         0x1fff80c0        0x1
 *(.noinit)
 .noinit        0x1fff80c0        0x1 .\CortexM3\ARM_GCC_541\Debug\pulseDet_2.a(CyLib.o)
                0x1fff80c0                CyResetStatus

.data           0x1fff80c8       0x88 load address 0x00000a08
                0x1fff80c8                __cy_region_start_data = .
 *(.jcr)
 .jcr           0x1fff80c8        0x0 c:/program files (x86)/cypress/psoc creator/4.2/psoc creator/import/gnu/arm/5.4.1/bin/../lib/gcc/arm-none-eabi/5.4.1/armv7-m/crtbegin.o
 .jcr           0x1fff80c8        0x4 c:/program files (x86)/cypress/psoc creator/4.2/psoc creator/import/gnu/arm/5.4.1/bin/../lib/gcc/arm-none-eabi/5.4.1/armv7-m/crtend.o
 *(.got.plt)
 *(.got)
 *(.shdata)
 *(.data .data.* .gnu.linkonce.d.*)
 .data          0x1fff80cc       0x1c .\CortexM3\ARM_GCC_541\Debug\main.o
                0x1fff80cc                main_state_table
 .data.impure_data
                0x1fff80e8       0x60 c:/program files (x86)/cypress/psoc creator/4.2/psoc creator/import/gnu/arm/5.4.1/bin/../lib/gcc/arm-none-eabi/5.4.1/../../../../arm-none-eabi/lib/armv7-m\libg_nano.a(lib_a-impure.o)
 .data._impure_ptr
                0x1fff8148        0x4 c:/program files (x86)/cypress/psoc creator/4.2/psoc creator/import/gnu/arm/5.4.1/bin/../lib/gcc/arm-none-eabi/5.4.1/../../../../arm-none-eabi/lib/armv7-m\libg_nano.a(lib_a-impure.o)
                0x1fff8148                _impure_ptr
                0x1fff8150                . = ALIGN (0x8)
 *fill*         0x1fff814c        0x4 
 *(.ram)
                0x1fff8150                _edata = .

.igot.plt       0x1fff8150        0x0 load address 0x00000a90
 .igot.plt      0x1fff8150        0x0 c:/program files (x86)/cypress/psoc creator/4.2/psoc creator/import/gnu/arm/5.4.1/bin/../lib/gcc/arm-none-eabi/5.4.1/armv7-m/crtbegin.o

.bss            0x1fff8150       0x30 load address 0x00000a90
                0x1fff8150                PROVIDE (__bss_start__, .)
 *(.shbss)
 *(.bss .bss.* .gnu.linkonce.b.*)
 .bss           0x1fff8150       0x1c c:/program files (x86)/cypress/psoc creator/4.2/psoc creator/import/gnu/arm/5.4.1/bin/../lib/gcc/arm-none-eabi/5.4.1/armv7-m/crtbegin.o
 .bss           0x1fff816c        0x1 .\CortexM3\ARM_GCC_541\Debug\pulseDet_2.a(PWM_1.o)
                0x1fff816c                PWM_1_initVar
 .bss           0x1fff816d        0x2 .\CortexM3\ARM_GCC_541\Debug\pulseDet_2.a(UART_1.o)
                0x1fff816d                UART_1_initVar
 *(COMMON)
 *fill*         0x1fff816f        0x1 
 COMMON         0x1fff8170        0xb .\CortexM3\ARM_GCC_541\Debug\main.o
                0x1fff8170                preCounter_samplerArray
                0x1fff8174                main_state
                0x1fff8178                Counter_samplerArray
                0x1fff8180                . = ALIGN (0x8)
 *fill*         0x1fff817b        0x5 
 *(.ram.b)
                0x1fff8180                _end = .
                0x1fff8180                __end = .
                0x1fff8180                PROVIDE (end, .)
                0x1fff8180                PROVIDE (__bss_end__, .)
                0x00000a08                __cy_region_init_ram = LOADADDR (.data)
                0x00000088                __cy_region_init_size_ram = (_edata - ADDR (.data))
                0x00000030                __cy_region_zero_size_ram = (_end - _edata)

.heap           0x1fff8180       0x80 load address 0x00000a90
                0x1fff8180                . = _end
                0x1fff8200                . = (. + 0x80)
 *fill*         0x1fff8180       0x80 
                0x1fff8200                __cy_heap_limit = .

.stack          0x20007800      0x800
                0x20007800                __cy_stack_limit = .
                0x20008000                . = (. + 0x800)
 *fill*         0x20007800      0x800 
                0x00000001                ASSERT ((__cy_stack_limit >= __cy_heap_limit), region RAM overflowed with stack)
                0x00000000                cy_checksum_exclude_size = (CY_APPL_LOADABLE == 0x1)?SIZEOF (.cy_checksum_exclude):0x0
                0x00000001                ASSERT ((cy_checksum_exclude_size <= CY_CHECKSUM_EXCLUDE_SIZE), CY_BOOT: Section .cy_checksum_exclude size exceedes specified limit.)

.cyloadermeta
 *(.cyloadermeta)

.cyloadablemeta
 *(.cyloadablemeta)

.cyconfigecc    0x80000000      0xe3c
 *(.cyconfigecc)
 .cyconfigecc   0x80000000      0xe3c .\CortexM3\ARM_GCC_541\Debug\cymetadata.o
                0x80000000                cy_meta_configecc

.cycustnvl      0x90000000        0x4
 *(.cycustnvl)
 .cycustnvl     0x90000000        0x4 .\CortexM3\ARM_GCC_541\Debug\cymetadata.o
                0x90000000                cy_meta_custnvl

.cywolatch      0x90100000        0x4
 *(.cywolatch)
 .cywolatch     0x90100000        0x4 .\CortexM3\ARM_GCC_541\Debug\cymetadata.o
                0x90100000                cy_meta_wonvl

.cyeeprom       0x90200000        0x0
 *(.cyeeprom)
                0x00000001                ASSERT ((. <= ((0x90200000 + ee_offset) + ee_size)), .cyeeprom data will not fit in EEPROM)

.cyflashprotect
                0x90400000      0x100
 *(.cyflashprotect)
 .cyflashprotect
                0x90400000      0x100 .\CortexM3\ARM_GCC_541\Debug\cymetadata.o
                0x90400000                cy_meta_flashprotect

.cymeta         0x90500000        0xc
 *(.cymeta)
 .cymeta        0x90500000        0xc .\CortexM3\ARM_GCC_541\Debug\cymetadata.o
                0x90500000                cy_metadata

.rel.dyn        0x00000a90        0x0 load address 0x9050000c
 .rel.iplt      0x00000a90        0x0 c:/program files (x86)/cypress/psoc creator/4.2/psoc creator/import/gnu/arm/5.4.1/bin/../lib/gcc/arm-none-eabi/5.4.1/armv7-m/crtbegin.o

.stab
 *(.stab)

.stabstr
 *(.stabstr)

.debug
 *(.debug)

.line
 *(.line)

.debug_srcinfo
 *(.debug_srcinfo)

.debug_sfnames
 *(.debug_sfnames)

.debug_aranges  0x00000000      0xaf0
 *(.debug_aranges)
 .debug_aranges
                0x00000000       0x68 .\CortexM3\ARM_GCC_541\Debug\main.o
 .debug_aranges
                0x00000068       0x58 .\CortexM3\ARM_GCC_541\Debug\cyfitter_cfg.o
 .debug_aranges
                0x000000c0       0x18 .\CortexM3\ARM_GCC_541\Debug\cymetadata.o
 .debug_aranges
                0x000000d8       0x48 .\CortexM3\ARM_GCC_541\Debug\Cm3Start.o
 .debug_aranges
                0x00000120       0x80 .\CortexM3\ARM_GCC_541\Debug\pulseDet_2.a(isr_match.o)
 .debug_aranges
                0x000001a0       0x40 .\CortexM3\ARM_GCC_541\Debug\pulseDet_2.a(preCounter_Reg_2.o)
 .debug_aranges
                0x000001e0       0x40 .\CortexM3\ARM_GCC_541\Debug\pulseDet_2.a(preCounter_Reg_1.o)
 .debug_aranges
                0x00000220       0x40 .\CortexM3\ARM_GCC_541\Debug\pulseDet_2.a(preCounter_Reg_3.o)
 .debug_aranges
                0x00000260       0x78 .\CortexM3\ARM_GCC_541\Debug\pulseDet_2.a(PWM_1.o)
 .debug_aranges
                0x000002d8      0x2a0 .\CortexM3\ARM_GCC_541\Debug\pulseDet_2.a(CyLib.o)
 .debug_aranges
                0x00000578       0x98 .\CortexM3\ARM_GCC_541\Debug\pulseDet_2.a(cyPm.o)
 .debug_aranges
                0x00000610       0x80 .\CortexM3\ARM_GCC_541\Debug\pulseDet_2.a(isr_Rx_1.o)
 .debug_aranges
                0x00000690       0xf0 .\CortexM3\ARM_GCC_541\Debug\pulseDet_2.a(UART_1.o)
 .debug_aranges
                0x00000780       0x70 .\CortexM3\ARM_GCC_541\Debug\pulseDet_2.a(UART_1_IntClock.o)
 .debug_aranges
                0x000007f0       0x40 .\CortexM3\ARM_GCC_541\Debug\pulseDet_2.a(Counter_Reg_1.o)
 .debug_aranges
                0x00000830       0x40 .\CortexM3\ARM_GCC_541\Debug\pulseDet_2.a(Counter_Reg_2.o)
 .debug_aranges
                0x00000870       0x40 .\CortexM3\ARM_GCC_541\Debug\pulseDet_2.a(Counter_Reg_3.o)
 .debug_aranges
                0x000008b0       0x28 .\CortexM3\ARM_GCC_541\Debug\pulseDet_2.a(preCount_th_Reg_3.o)
 .debug_aranges
                0x000008d8       0x28 .\CortexM3\ARM_GCC_541\Debug\pulseDet_2.a(preCount_th_Reg_2.o)
 .debug_aranges
                0x00000900       0x28 .\CortexM3\ARM_GCC_541\Debug\pulseDet_2.a(preCount_th_Reg_1.o)
 .debug_aranges
                0x00000928       0x28 .\CortexM3\ARM_GCC_541\Debug\pulseDet_2.a(Count_th_Reg_2.o)
 .debug_aranges
                0x00000950       0x28 .\CortexM3\ARM_GCC_541\Debug\pulseDet_2.a(Count_th_Reg_1.o)
 .debug_aranges
                0x00000978       0x28 .\CortexM3\ARM_GCC_541\Debug\pulseDet_2.a(Control_Reg_1.o)
 .debug_aranges
                0x000009a0       0x28 .\CortexM3\ARM_GCC_541\Debug\pulseDet_2.a(Count_th_Reg_3.o)
 .debug_aranges
                0x000009c8       0x20 .\CortexM3\ARM_GCC_541\Debug\pulseDet_2.a(CyBootAsmGnu.o)
 .debug_aranges
                0x000009e8       0x88 .\CortexM3\ARM_GCC_541\Debug\pulseDet_2.a(CyFlash.o)
 .debug_aranges
                0x00000a70       0x80 .\CortexM3\ARM_GCC_541\Debug\pulseDet_2.a(CySpc.o)

.debug_pubnames
 *(.debug_pubnames)

.debug_info     0x00000000     0x5953
 *(.debug_info .gnu.linkonce.wi.*)
 .debug_info    0x00000000      0x50b .\CortexM3\ARM_GCC_541\Debug\main.o
 .debug_info    0x0000050b      0x5cd .\CortexM3\ARM_GCC_541\Debug\cyfitter_cfg.o
 .debug_info    0x00000ad8      0x139 .\CortexM3\ARM_GCC_541\Debug\cymetadata.o
 .debug_info    0x00000c11      0x3bb .\CortexM3\ARM_GCC_541\Debug\Cm3Start.o
 .debug_info    0x00000fcc      0x2d2 .\CortexM3\ARM_GCC_541\Debug\pulseDet_2.a(isr_match.o)
 .debug_info    0x0000129e      0x17d .\CortexM3\ARM_GCC_541\Debug\pulseDet_2.a(preCounter_Reg_2.o)
 .debug_info    0x0000141b      0x17d .\CortexM3\ARM_GCC_541\Debug\pulseDet_2.a(preCounter_Reg_1.o)
 .debug_info    0x00001598      0x17d .\CortexM3\ARM_GCC_541\Debug\pulseDet_2.a(preCounter_Reg_3.o)
 .debug_info    0x00001715      0x27f .\CortexM3\ARM_GCC_541\Debug\pulseDet_2.a(PWM_1.o)
 .debug_info    0x00001994     0x1374 .\CortexM3\ARM_GCC_541\Debug\pulseDet_2.a(CyLib.o)
 .debug_info    0x00002d08      0xa2a .\CortexM3\ARM_GCC_541\Debug\pulseDet_2.a(cyPm.o)
 .debug_info    0x00003732      0x2d2 .\CortexM3\ARM_GCC_541\Debug\pulseDet_2.a(isr_Rx_1.o)
 .debug_info    0x00003a04      0x60c .\CortexM3\ARM_GCC_541\Debug\pulseDet_2.a(UART_1.o)
 .debug_info    0x00004010      0x283 .\CortexM3\ARM_GCC_541\Debug\pulseDet_2.a(UART_1_IntClock.o)
 .debug_info    0x00004293      0x17d .\CortexM3\ARM_GCC_541\Debug\pulseDet_2.a(Counter_Reg_1.o)
 .debug_info    0x00004410      0x17d .\CortexM3\ARM_GCC_541\Debug\pulseDet_2.a(Counter_Reg_2.o)
 .debug_info    0x0000458d      0x17d .\CortexM3\ARM_GCC_541\Debug\pulseDet_2.a(Counter_Reg_3.o)
 .debug_info    0x0000470a       0xd6 .\CortexM3\ARM_GCC_541\Debug\pulseDet_2.a(preCount_th_Reg_3.o)
 .debug_info    0x000047e0       0xd6 .\CortexM3\ARM_GCC_541\Debug\pulseDet_2.a(preCount_th_Reg_2.o)
 .debug_info    0x000048b6       0xd6 .\CortexM3\ARM_GCC_541\Debug\pulseDet_2.a(preCount_th_Reg_1.o)
 .debug_info    0x0000498c       0xd6 .\CortexM3\ARM_GCC_541\Debug\pulseDet_2.a(Count_th_Reg_2.o)
 .debug_info    0x00004a62       0xd6 .\CortexM3\ARM_GCC_541\Debug\pulseDet_2.a(Count_th_Reg_1.o)
 .debug_info    0x00004b38       0xd6 .\CortexM3\ARM_GCC_541\Debug\pulseDet_2.a(Control_Reg_1.o)
 .debug_info    0x00004c0e       0xd6 .\CortexM3\ARM_GCC_541\Debug\pulseDet_2.a(Count_th_Reg_3.o)
 .debug_info    0x00004ce4       0xd2 .\CortexM3\ARM_GCC_541\Debug\pulseDet_2.a(CyBootAsmGnu.o)
 .debug_info    0x00004db6      0x64d .\CortexM3\ARM_GCC_541\Debug\pulseDet_2.a(CyFlash.o)
 .debug_info    0x00005403      0x550 .\CortexM3\ARM_GCC_541\Debug\pulseDet_2.a(CySpc.o)

.debug_abbrev   0x00000000     0x1b5d
 *(.debug_abbrev)
 .debug_abbrev  0x00000000      0x153 .\CortexM3\ARM_GCC_541\Debug\main.o
 .debug_abbrev  0x00000153      0x20d .\CortexM3\ARM_GCC_541\Debug\cyfitter_cfg.o
 .debug_abbrev  0x00000360       0x77 .\CortexM3\ARM_GCC_541\Debug\cymetadata.o
 .debug_abbrev  0x000003d7      0x1e8 .\CortexM3\ARM_GCC_541\Debug\Cm3Start.o
 .debug_abbrev  0x000005bf      0x173 .\CortexM3\ARM_GCC_541\Debug\pulseDet_2.a(isr_match.o)
 .debug_abbrev  0x00000732       0xac .\CortexM3\ARM_GCC_541\Debug\pulseDet_2.a(preCounter_Reg_2.o)
 .debug_abbrev  0x000007de       0xac .\CortexM3\ARM_GCC_541\Debug\pulseDet_2.a(preCounter_Reg_1.o)
 .debug_abbrev  0x0000088a       0xac .\CortexM3\ARM_GCC_541\Debug\pulseDet_2.a(preCounter_Reg_3.o)
 .debug_abbrev  0x00000936      0x12d .\CortexM3\ARM_GCC_541\Debug\pulseDet_2.a(PWM_1.o)
 .debug_abbrev  0x00000a63      0x254 .\CortexM3\ARM_GCC_541\Debug\pulseDet_2.a(CyLib.o)
 .debug_abbrev  0x00000cb7      0x1ab .\CortexM3\ARM_GCC_541\Debug\pulseDet_2.a(cyPm.o)
 .debug_abbrev  0x00000e62      0x173 .\CortexM3\ARM_GCC_541\Debug\pulseDet_2.a(isr_Rx_1.o)
 .debug_abbrev  0x00000fd5      0x175 .\CortexM3\ARM_GCC_541\Debug\pulseDet_2.a(UART_1.o)
 .debug_abbrev  0x0000114a      0x139 .\CortexM3\ARM_GCC_541\Debug\pulseDet_2.a(UART_1_IntClock.o)
 .debug_abbrev  0x00001283       0xac .\CortexM3\ARM_GCC_541\Debug\pulseDet_2.a(Counter_Reg_1.o)
 .debug_abbrev  0x0000132f       0xac .\CortexM3\ARM_GCC_541\Debug\pulseDet_2.a(Counter_Reg_2.o)
 .debug_abbrev  0x000013db       0xac .\CortexM3\ARM_GCC_541\Debug\pulseDet_2.a(Counter_Reg_3.o)
 .debug_abbrev  0x00001487       0x81 .\CortexM3\ARM_GCC_541\Debug\pulseDet_2.a(preCount_th_Reg_3.o)
 .debug_abbrev  0x00001508       0x81 .\CortexM3\ARM_GCC_541\Debug\pulseDet_2.a(preCount_th_Reg_2.o)
 .debug_abbrev  0x00001589       0x81 .\CortexM3\ARM_GCC_541\Debug\pulseDet_2.a(preCount_th_Reg_1.o)
 .debug_abbrev  0x0000160a       0x81 .\CortexM3\ARM_GCC_541\Debug\pulseDet_2.a(Count_th_Reg_2.o)
 .debug_abbrev  0x0000168b       0x81 .\CortexM3\ARM_GCC_541\Debug\pulseDet_2.a(Count_th_Reg_1.o)
 .debug_abbrev  0x0000170c       0x81 .\CortexM3\ARM_GCC_541\Debug\pulseDet_2.a(Control_Reg_1.o)
 .debug_abbrev  0x0000178d       0x81 .\CortexM3\ARM_GCC_541\Debug\pulseDet_2.a(Count_th_Reg_3.o)
 .debug_abbrev  0x0000180e       0x14 .\CortexM3\ARM_GCC_541\Debug\pulseDet_2.a(CyBootAsmGnu.o)
 .debug_abbrev  0x00001822      0x1a7 .\CortexM3\ARM_GCC_541\Debug\pulseDet_2.a(CyFlash.o)
 .debug_abbrev  0x000019c9      0x194 .\CortexM3\ARM_GCC_541\Debug\pulseDet_2.a(CySpc.o)

.debug_line     0x00000000     0x28d5
 *(.debug_line)
 .debug_line    0x00000000      0x38d .\CortexM3\ARM_GCC_541\Debug\main.o
 .debug_line    0x0000038d      0x1ff .\CortexM3\ARM_GCC_541\Debug\cyfitter_cfg.o
 .debug_line    0x0000058c      0x141 .\CortexM3\ARM_GCC_541\Debug\cymetadata.o
 .debug_line    0x000006cd      0x234 .\CortexM3\ARM_GCC_541\Debug\Cm3Start.o
 .debug_line    0x00000901      0x136 .\CortexM3\ARM_GCC_541\Debug\pulseDet_2.a(isr_match.o)
 .debug_line    0x00000a37       0xbb .\CortexM3\ARM_GCC_541\Debug\pulseDet_2.a(preCounter_Reg_2.o)
 .debug_line    0x00000af2       0xbb .\CortexM3\ARM_GCC_541\Debug\pulseDet_2.a(preCounter_Reg_1.o)
 .debug_line    0x00000bad       0xbb .\CortexM3\ARM_GCC_541\Debug\pulseDet_2.a(preCounter_Reg_3.o)
 .debug_line    0x00000c68      0x133 .\CortexM3\ARM_GCC_541\Debug\pulseDet_2.a(PWM_1.o)
 .debug_line    0x00000d9b      0x816 .\CortexM3\ARM_GCC_541\Debug\pulseDet_2.a(CyLib.o)
 .debug_line    0x000015b1      0x367 .\CortexM3\ARM_GCC_541\Debug\pulseDet_2.a(cyPm.o)
 .debug_line    0x00001918      0x135 .\CortexM3\ARM_GCC_541\Debug\pulseDet_2.a(isr_Rx_1.o)
 .debug_line    0x00001a4d      0x2c0 .\CortexM3\ARM_GCC_541\Debug\pulseDet_2.a(UART_1.o)
 .debug_line    0x00001d0d      0x17e .\CortexM3\ARM_GCC_541\Debug\pulseDet_2.a(UART_1_IntClock.o)
 .debug_line    0x00001e8b       0xb8 .\CortexM3\ARM_GCC_541\Debug\pulseDet_2.a(Counter_Reg_1.o)
 .debug_line    0x00001f43       0xb8 .\CortexM3\ARM_GCC_541\Debug\pulseDet_2.a(Counter_Reg_2.o)
 .debug_line    0x00001ffb       0xb8 .\CortexM3\ARM_GCC_541\Debug\pulseDet_2.a(Counter_Reg_3.o)
 .debug_line    0x000020b3       0x79 .\CortexM3\ARM_GCC_541\Debug\pulseDet_2.a(preCount_th_Reg_3.o)
 .debug_line    0x0000212c       0x79 .\CortexM3\ARM_GCC_541\Debug\pulseDet_2.a(preCount_th_Reg_2.o)
 .debug_line    0x000021a5       0x79 .\CortexM3\ARM_GCC_541\Debug\pulseDet_2.a(preCount_th_Reg_1.o)
 .debug_line    0x0000221e       0x76 .\CortexM3\ARM_GCC_541\Debug\pulseDet_2.a(Count_th_Reg_2.o)
 .debug_line    0x00002294       0x76 .\CortexM3\ARM_GCC_541\Debug\pulseDet_2.a(Count_th_Reg_1.o)
 .debug_line    0x0000230a       0x75 .\CortexM3\ARM_GCC_541\Debug\pulseDet_2.a(Control_Reg_1.o)
 .debug_line    0x0000237f       0x76 .\CortexM3\ARM_GCC_541\Debug\pulseDet_2.a(Count_th_Reg_3.o)
 .debug_line    0x000023f5       0x66 .\CortexM3\ARM_GCC_541\Debug\pulseDet_2.a(CyBootAsmGnu.o)
 .debug_line    0x0000245b      0x21a .\CortexM3\ARM_GCC_541\Debug\pulseDet_2.a(CyFlash.o)
 .debug_line    0x00002675      0x260 .\CortexM3\ARM_GCC_541\Debug\pulseDet_2.a(CySpc.o)

.debug_frame    0x00000000     0x19f0
 *(.debug_frame)
 .debug_frame   0x00000000      0x114 .\CortexM3\ARM_GCC_541\Debug\main.o
 .debug_frame   0x00000114       0xe4 .\CortexM3\ARM_GCC_541\Debug\cyfitter_cfg.o
 .debug_frame   0x000001f8       0xb8 .\CortexM3\ARM_GCC_541\Debug\Cm3Start.o
 .debug_frame   0x000002b0      0x104 .\CortexM3\ARM_GCC_541\Debug\pulseDet_2.a(isr_match.o)
 .debug_frame   0x000003b4       0x78 .\CortexM3\ARM_GCC_541\Debug\pulseDet_2.a(preCounter_Reg_2.o)
 .debug_frame   0x0000042c       0x78 .\CortexM3\ARM_GCC_541\Debug\pulseDet_2.a(preCounter_Reg_1.o)
 .debug_frame   0x000004a4       0x78 .\CortexM3\ARM_GCC_541\Debug\pulseDet_2.a(preCounter_Reg_3.o)
 .debug_frame   0x0000051c       0xe8 .\CortexM3\ARM_GCC_541\Debug\pulseDet_2.a(PWM_1.o)
 .debug_frame   0x00000604      0x738 .\CortexM3\ARM_GCC_541\Debug\pulseDet_2.a(CyLib.o)
 .debug_frame   0x00000d3c      0x1f8 .\CortexM3\ARM_GCC_541\Debug\pulseDet_2.a(cyPm.o)
 .debug_frame   0x00000f34      0x104 .\CortexM3\ARM_GCC_541\Debug\pulseDet_2.a(isr_Rx_1.o)
 .debug_frame   0x00001038      0x250 .\CortexM3\ARM_GCC_541\Debug\pulseDet_2.a(UART_1.o)
 .debug_frame   0x00001288       0xe0 .\CortexM3\ARM_GCC_541\Debug\pulseDet_2.a(UART_1_IntClock.o)
 .debug_frame   0x00001368       0x78 .\CortexM3\ARM_GCC_541\Debug\pulseDet_2.a(Counter_Reg_1.o)
 .debug_frame   0x000013e0       0x78 .\CortexM3\ARM_GCC_541\Debug\pulseDet_2.a(Counter_Reg_2.o)
 .debug_frame   0x00001458       0x78 .\CortexM3\ARM_GCC_541\Debug\pulseDet_2.a(Counter_Reg_3.o)
 .debug_frame   0x000014d0       0x30 .\CortexM3\ARM_GCC_541\Debug\pulseDet_2.a(preCount_th_Reg_3.o)
 .debug_frame   0x00001500       0x30 .\CortexM3\ARM_GCC_541\Debug\pulseDet_2.a(preCount_th_Reg_2.o)
 .debug_frame   0x00001530       0x30 .\CortexM3\ARM_GCC_541\Debug\pulseDet_2.a(preCount_th_Reg_1.o)
 .debug_frame   0x00001560       0x30 .\CortexM3\ARM_GCC_541\Debug\pulseDet_2.a(Count_th_Reg_2.o)
 .debug_frame   0x00001590       0x30 .\CortexM3\ARM_GCC_541\Debug\pulseDet_2.a(Count_th_Reg_1.o)
 .debug_frame   0x000015c0       0x30 .\CortexM3\ARM_GCC_541\Debug\pulseDet_2.a(Control_Reg_1.o)
 .debug_frame   0x000015f0       0x30 .\CortexM3\ARM_GCC_541\Debug\pulseDet_2.a(Count_th_Reg_3.o)
 .debug_frame   0x00001620      0x194 .\CortexM3\ARM_GCC_541\Debug\pulseDet_2.a(CyFlash.o)
 .debug_frame   0x000017b4      0x180 .\CortexM3\ARM_GCC_541\Debug\pulseDet_2.a(CySpc.o)
 .debug_frame   0x00001934       0x20 c:/program files (x86)/cypress/psoc creator/4.2/psoc creator/import/gnu/arm/5.4.1/bin/../lib/gcc/arm-none-eabi/5.4.1/../../../../arm-none-eabi/lib/armv7-m\libg_nano.a(lib_a-errno.o)
 .debug_frame   0x00001954       0x28 c:/program files (x86)/cypress/psoc creator/4.2/psoc creator/import/gnu/arm/5.4.1/bin/../lib/gcc/arm-none-eabi/5.4.1/../../../../arm-none-eabi/lib/armv7-m\libg_nano.a(lib_a-exit.o)
 .debug_frame   0x0000197c       0x2c c:/program files (x86)/cypress/psoc creator/4.2/psoc creator/import/gnu/arm/5.4.1/bin/../lib/gcc/arm-none-eabi/5.4.1/../../../../arm-none-eabi/lib/armv7-m\libg_nano.a(lib_a-init.o)
 .debug_frame   0x000019a8       0x28 c:/program files (x86)/cypress/psoc creator/4.2/psoc creator/import/gnu/arm/5.4.1/bin/../lib/gcc/arm-none-eabi/5.4.1/../../../../arm-none-eabi/lib/armv7-m\libg_nano.a(lib_a-memcpy-stub.o)
 .debug_frame   0x000019d0       0x20 c:/program files (x86)/cypress/psoc creator/4.2/psoc creator/import/gnu/arm/5.4.1/bin/../lib/gcc/arm-none-eabi/5.4.1/../../../../arm-none-eabi/lib/armv7-m\libg_nano.a(lib_a-memset.o)

.debug_str      0x00000000     0x2073
 *(.debug_str)
 .debug_str     0x00000000      0x3af .\CortexM3\ARM_GCC_541\Debug\main.o
                                0x484 (size before relaxing)
 .debug_str     0x000003af      0x1b6 .\CortexM3\ARM_GCC_541\Debug\cyfitter_cfg.o
                                0x386 (size before relaxing)
 .debug_str     0x00000565       0x7f .\CortexM3\ARM_GCC_541\Debug\cymetadata.o
                                0x226 (size before relaxing)
 .debug_str     0x000005e4      0x144 .\CortexM3\ARM_GCC_541\Debug\Cm3Start.o
                                0x34c (size before relaxing)
 .debug_str     0x00000728      0x101 .\CortexM3\ARM_GCC_541\Debug\pulseDet_2.a(isr_match.o)
                                0x320 (size before relaxing)
 .debug_str     0x00000829       0xe3 .\CortexM3\ARM_GCC_541\Debug\pulseDet_2.a(preCounter_Reg_2.o)
                                0x2c1 (size before relaxing)
 .debug_str     0x0000090c       0xa2 .\CortexM3\ARM_GCC_541\Debug\pulseDet_2.a(preCounter_Reg_1.o)
                                0x2c1 (size before relaxing)
 .debug_str     0x000009ae       0xa2 .\CortexM3\ARM_GCC_541\Debug\pulseDet_2.a(preCounter_Reg_3.o)
                                0x2c1 (size before relaxing)
 .debug_str     0x00000a50      0x12e .\CortexM3\ARM_GCC_541\Debug\pulseDet_2.a(PWM_1.o)
                                0x30f (size before relaxing)
 .debug_str     0x00000b7e      0x7f5 .\CortexM3\ARM_GCC_541\Debug\pulseDet_2.a(CyLib.o)
                                0xa89 (size before relaxing)
 .debug_str     0x00001373      0x365 .\CortexM3\ARM_GCC_541\Debug\pulseDet_2.a(cyPm.o)
                                0x775 (size before relaxing)
 .debug_str     0x000016d8       0xff .\CortexM3\ARM_GCC_541\Debug\pulseDet_2.a(isr_Rx_1.o)
                                0x312 (size before relaxing)
 .debug_str     0x000017d7      0x2b1 .\CortexM3\ARM_GCC_541\Debug\pulseDet_2.a(UART_1.o)
                                0x4f5 (size before relaxing)
 .debug_str     0x00001a88      0x197 .\CortexM3\ARM_GCC_541\Debug\pulseDet_2.a(UART_1_IntClock.o)
                                0x390 (size before relaxing)
 .debug_str     0x00001c1f       0x27 .\CortexM3\ARM_GCC_541\Debug\pulseDet_2.a(Counter_Reg_1.o)
                                0x2af (size before relaxing)
 .debug_str     0x00001c46       0x27 .\CortexM3\ARM_GCC_541\Debug\pulseDet_2.a(Counter_Reg_2.o)
                                0x2af (size before relaxing)
 .debug_str     0x00001c6d       0x27 .\CortexM3\ARM_GCC_541\Debug\pulseDet_2.a(Counter_Reg_3.o)
                                0x2af (size before relaxing)
 .debug_str     0x00001c94       0x42 .\CortexM3\ARM_GCC_541\Debug\pulseDet_2.a(preCount_th_Reg_3.o)
                                0x215 (size before relaxing)
 .debug_str     0x00001cd6       0x42 .\CortexM3\ARM_GCC_541\Debug\pulseDet_2.a(preCount_th_Reg_2.o)
                                0x215 (size before relaxing)
 .debug_str     0x00001d18       0x42 .\CortexM3\ARM_GCC_541\Debug\pulseDet_2.a(preCount_th_Reg_1.o)
                                0x215 (size before relaxing)
 .debug_str     0x00001d5a       0x28 .\CortexM3\ARM_GCC_541\Debug\pulseDet_2.a(Count_th_Reg_2.o)
                                0x20c (size before relaxing)
 .debug_str     0x00001d82       0x28 .\CortexM3\ARM_GCC_541\Debug\pulseDet_2.a(Count_th_Reg_1.o)
                                0x20c (size before relaxing)
 .debug_str     0x00001daa       0x3a .\CortexM3\ARM_GCC_541\Debug\pulseDet_2.a(Control_Reg_1.o)
                                0x209 (size before relaxing)
 .debug_str     0x00001de4       0x28 .\CortexM3\ARM_GCC_541\Debug\pulseDet_2.a(Count_th_Reg_3.o)
                                0x20c (size before relaxing)
 .debug_str     0x00001e0c      0x1bb .\CortexM3\ARM_GCC_541\Debug\pulseDet_2.a(CyFlash.o)
                                0x402 (size before relaxing)
 .debug_str     0x00001fc7       0xac .\CortexM3\ARM_GCC_541\Debug\pulseDet_2.a(CySpc.o)
                                0x37a (size before relaxing)

.debug_loc      0x00000000     0x1f9c
 *(.debug_loc)
 .debug_loc     0x00000000      0x289 .\CortexM3\ARM_GCC_541\Debug\cyfitter_cfg.o
 .debug_loc     0x00000289      0x144 .\CortexM3\ARM_GCC_541\Debug\Cm3Start.o
 .debug_loc     0x000003cd       0x56 .\CortexM3\ARM_GCC_541\Debug\pulseDet_2.a(isr_match.o)
 .debug_loc     0x00000423       0x26 .\CortexM3\ARM_GCC_541\Debug\pulseDet_2.a(preCounter_Reg_2.o)
 .debug_loc     0x00000449       0x26 .\CortexM3\ARM_GCC_541\Debug\pulseDet_2.a(preCounter_Reg_1.o)
 .debug_loc     0x0000046f       0x26 .\CortexM3\ARM_GCC_541\Debug\pulseDet_2.a(preCounter_Reg_3.o)
 .debug_loc     0x00000495       0x13 .\CortexM3\ARM_GCC_541\Debug\pulseDet_2.a(PWM_1.o)
 .debug_loc     0x000004a8      0xa11 .\CortexM3\ARM_GCC_541\Debug\pulseDet_2.a(CyLib.o)
 .debug_loc     0x00000eb9      0x1e4 .\CortexM3\ARM_GCC_541\Debug\pulseDet_2.a(cyPm.o)
 .debug_loc     0x0000109d       0x56 .\CortexM3\ARM_GCC_541\Debug\pulseDet_2.a(isr_Rx_1.o)
 .debug_loc     0x000010f3      0x258 .\CortexM3\ARM_GCC_541\Debug\pulseDet_2.a(UART_1.o)
 .debug_loc     0x0000134b      0x128 .\CortexM3\ARM_GCC_541\Debug\pulseDet_2.a(UART_1_IntClock.o)
 .debug_loc     0x00001473       0x26 .\CortexM3\ARM_GCC_541\Debug\pulseDet_2.a(Counter_Reg_1.o)
 .debug_loc     0x00001499       0x26 .\CortexM3\ARM_GCC_541\Debug\pulseDet_2.a(Counter_Reg_2.o)
 .debug_loc     0x000014bf       0x26 .\CortexM3\ARM_GCC_541\Debug\pulseDet_2.a(Counter_Reg_3.o)
 .debug_loc     0x000014e5      0x3b2 .\CortexM3\ARM_GCC_541\Debug\pulseDet_2.a(CyFlash.o)
 .debug_loc     0x00001897      0x705 .\CortexM3\ARM_GCC_541\Debug\pulseDet_2.a(CySpc.o)

.debug_macinfo
 *(.debug_macinfo)

.debug_ranges   0x00000000      0x928
 *(.debug_ranges)
 .debug_ranges  0x00000000       0x58 .\CortexM3\ARM_GCC_541\Debug\main.o
 .debug_ranges  0x00000058       0x48 .\CortexM3\ARM_GCC_541\Debug\cyfitter_cfg.o
 .debug_ranges  0x000000a0       0x38 .\CortexM3\ARM_GCC_541\Debug\Cm3Start.o
 .debug_ranges  0x000000d8       0x70 .\CortexM3\ARM_GCC_541\Debug\pulseDet_2.a(isr_match.o)
 .debug_ranges  0x00000148       0x30 .\CortexM3\ARM_GCC_541\Debug\pulseDet_2.a(preCounter_Reg_2.o)
 .debug_ranges  0x00000178       0x30 .\CortexM3\ARM_GCC_541\Debug\pulseDet_2.a(preCounter_Reg_1.o)
 .debug_ranges  0x000001a8       0x30 .\CortexM3\ARM_GCC_541\Debug\pulseDet_2.a(preCounter_Reg_3.o)
 .debug_ranges  0x000001d8       0x68 .\CortexM3\ARM_GCC_541\Debug\pulseDet_2.a(PWM_1.o)
 .debug_ranges  0x00000240      0x290 .\CortexM3\ARM_GCC_541\Debug\pulseDet_2.a(CyLib.o)
 .debug_ranges  0x000004d0       0x88 .\CortexM3\ARM_GCC_541\Debug\pulseDet_2.a(cyPm.o)
 .debug_ranges  0x00000558       0x70 .\CortexM3\ARM_GCC_541\Debug\pulseDet_2.a(isr_Rx_1.o)
 .debug_ranges  0x000005c8       0xe0 .\CortexM3\ARM_GCC_541\Debug\pulseDet_2.a(UART_1.o)
 .debug_ranges  0x000006a8       0x60 .\CortexM3\ARM_GCC_541\Debug\pulseDet_2.a(UART_1_IntClock.o)
 .debug_ranges  0x00000708       0x30 .\CortexM3\ARM_GCC_541\Debug\pulseDet_2.a(Counter_Reg_1.o)
 .debug_ranges  0x00000738       0x30 .\CortexM3\ARM_GCC_541\Debug\pulseDet_2.a(Counter_Reg_2.o)
 .debug_ranges  0x00000768       0x30 .\CortexM3\ARM_GCC_541\Debug\pulseDet_2.a(Counter_Reg_3.o)
 .debug_ranges  0x00000798       0x18 .\CortexM3\ARM_GCC_541\Debug\pulseDet_2.a(preCount_th_Reg_3.o)
 .debug_ranges  0x000007b0       0x18 .\CortexM3\ARM_GCC_541\Debug\pulseDet_2.a(preCount_th_Reg_2.o)
 .debug_ranges  0x000007c8       0x18 .\CortexM3\ARM_GCC_541\Debug\pulseDet_2.a(preCount_th_Reg_1.o)
 .debug_ranges  0x000007e0       0x18 .\CortexM3\ARM_GCC_541\Debug\pulseDet_2.a(Count_th_Reg_2.o)
 .debug_ranges  0x000007f8       0x18 .\CortexM3\ARM_GCC_541\Debug\pulseDet_2.a(Count_th_Reg_1.o)
 .debug_ranges  0x00000810       0x18 .\CortexM3\ARM_GCC_541\Debug\pulseDet_2.a(Control_Reg_1.o)
 .debug_ranges  0x00000828       0x18 .\CortexM3\ARM_GCC_541\Debug\pulseDet_2.a(Count_th_Reg_3.o)
 .debug_ranges  0x00000840       0x78 .\CortexM3\ARM_GCC_541\Debug\pulseDet_2.a(CyFlash.o)
 .debug_ranges  0x000008b8       0x70 .\CortexM3\ARM_GCC_541\Debug\pulseDet_2.a(CySpc.o)

.comment        0x00000000       0x6e
 .comment       0x00000000       0x6e .\CortexM3\ARM_GCC_541\Debug\main.o
                                 0x6f (size before relaxing)
 .comment       0x0000006e       0x6f .\CortexM3\ARM_GCC_541\Debug\cyfitter_cfg.o
 .comment       0x0000006e       0x6f .\CortexM3\ARM_GCC_541\Debug\cymetadata.o
 .comment       0x0000006e       0x6f .\CortexM3\ARM_GCC_541\Debug\Cm3Start.o
 .comment       0x0000006e       0x6f .\CortexM3\ARM_GCC_541\Debug\pulseDet_2.a(isr_match.o)
 .comment       0x0000006e       0x6f .\CortexM3\ARM_GCC_541\Debug\pulseDet_2.a(preCounter_Reg_2.o)
 .comment       0x0000006e       0x6f .\CortexM3\ARM_GCC_541\Debug\pulseDet_2.a(preCounter_Reg_1.o)
 .comment       0x0000006e       0x6f .\CortexM3\ARM_GCC_541\Debug\pulseDet_2.a(preCounter_Reg_3.o)
 .comment       0x0000006e       0x6f .\CortexM3\ARM_GCC_541\Debug\pulseDet_2.a(PWM_1.o)
 .comment       0x0000006e       0x6f .\CortexM3\ARM_GCC_541\Debug\pulseDet_2.a(CyLib.o)
 .comment       0x0000006e       0x6f .\CortexM3\ARM_GCC_541\Debug\pulseDet_2.a(cyPm.o)
 .comment       0x0000006e       0x6f .\CortexM3\ARM_GCC_541\Debug\pulseDet_2.a(isr_Rx_1.o)
 .comment       0x0000006e       0x6f .\CortexM3\ARM_GCC_541\Debug\pulseDet_2.a(UART_1.o)
 .comment       0x0000006e       0x6f .\CortexM3\ARM_GCC_541\Debug\pulseDet_2.a(UART_1_IntClock.o)
 .comment       0x0000006e       0x6f .\CortexM3\ARM_GCC_541\Debug\pulseDet_2.a(Counter_Reg_1.o)
 .comment       0x0000006e       0x6f .\CortexM3\ARM_GCC_541\Debug\pulseDet_2.a(Counter_Reg_2.o)
 .comment       0x0000006e       0x6f .\CortexM3\ARM_GCC_541\Debug\pulseDet_2.a(Counter_Reg_3.o)
 .comment       0x0000006e       0x6f .\CortexM3\ARM_GCC_541\Debug\pulseDet_2.a(preCount_th_Reg_3.o)
 .comment       0x0000006e       0x6f .\CortexM3\ARM_GCC_541\Debug\pulseDet_2.a(preCount_th_Reg_2.o)
 .comment       0x0000006e       0x6f .\CortexM3\ARM_GCC_541\Debug\pulseDet_2.a(preCount_th_Reg_1.o)
 .comment       0x0000006e       0x6f .\CortexM3\ARM_GCC_541\Debug\pulseDet_2.a(Count_th_Reg_2.o)
 .comment       0x0000006e       0x6f .\CortexM3\ARM_GCC_541\Debug\pulseDet_2.a(Count_th_Reg_1.o)
 .comment       0x0000006e       0x6f .\CortexM3\ARM_GCC_541\Debug\pulseDet_2.a(Control_Reg_1.o)
 .comment       0x0000006e       0x6f .\CortexM3\ARM_GCC_541\Debug\pulseDet_2.a(Count_th_Reg_3.o)
 .comment       0x0000006e       0x6f .\CortexM3\ARM_GCC_541\Debug\pulseDet_2.a(CyFlash.o)
 .comment       0x0000006e       0x6f .\CortexM3\ARM_GCC_541\Debug\pulseDet_2.a(CySpc.o)

.debug_weaknames
 *(.debug_weaknames)

.debug_funcnames
 *(.debug_funcnames)

.debug_typenames
 *(.debug_typenames)

.debug_varnames
 *(.debug_varnames)

.note.gnu.arm.ident
 *(.note.gnu.arm.ident)

.ARM.attributes
                0x00000000       0x29
 *(.ARM.attributes)
 .ARM.attributes
                0x00000000       0x1d c:/program files (x86)/cypress/psoc creator/4.2/psoc creator/import/gnu/arm/5.4.1/bin/../lib/gcc/arm-none-eabi/5.4.1/armv7-m/crti.o
 .ARM.attributes
                0x0000001d       0x2d c:/program files (x86)/cypress/psoc creator/4.2/psoc creator/import/gnu/arm/5.4.1/bin/../lib/gcc/arm-none-eabi/5.4.1/armv7-m/crtbegin.o
 .ARM.attributes
                0x0000004a       0x1b c:/program files (x86)/cypress/psoc creator/4.2/psoc creator/import/gnu/arm/5.4.1/bin/../lib/gcc/arm-none-eabi/5.4.1/../../../../arm-none-eabi/lib/armv7-m/crt0.o
 .ARM.attributes
                0x00000065       0x33 .\CortexM3\ARM_GCC_541\Debug\main.o
 .ARM.attributes
                0x00000098       0x33 .\CortexM3\ARM_GCC_541\Debug\cyfitter_cfg.o
 .ARM.attributes
                0x000000cb       0x33 .\CortexM3\ARM_GCC_541\Debug\cymetadata.o
 .ARM.attributes
                0x000000fe       0x33 .\CortexM3\ARM_GCC_541\Debug\Cm3Start.o
 .ARM.attributes
                0x00000131       0x33 .\CortexM3\ARM_GCC_541\Debug\pulseDet_2.a(isr_match.o)
 .ARM.attributes
                0x00000164       0x33 .\CortexM3\ARM_GCC_541\Debug\pulseDet_2.a(preCounter_Reg_2.o)
 .ARM.attributes
                0x00000197       0x33 .\CortexM3\ARM_GCC_541\Debug\pulseDet_2.a(preCounter_Reg_1.o)
 .ARM.attributes
                0x000001ca       0x33 .\CortexM3\ARM_GCC_541\Debug\pulseDet_2.a(preCounter_Reg_3.o)
 .ARM.attributes
                0x000001fd       0x33 .\CortexM3\ARM_GCC_541\Debug\pulseDet_2.a(PWM_1.o)
 .ARM.attributes
                0x00000230       0x33 .\CortexM3\ARM_GCC_541\Debug\pulseDet_2.a(CyLib.o)
 .ARM.attributes
                0x00000263       0x33 .\CortexM3\ARM_GCC_541\Debug\pulseDet_2.a(cyPm.o)
 .ARM.attributes
                0x00000296       0x33 .\CortexM3\ARM_GCC_541\Debug\pulseDet_2.a(isr_Rx_1.o)
 .ARM.attributes
                0x000002c9       0x33 .\CortexM3\ARM_GCC_541\Debug\pulseDet_2.a(UART_1.o)
 .ARM.attributes
                0x000002fc       0x33 .\CortexM3\ARM_GCC_541\Debug\pulseDet_2.a(UART_1_IntClock.o)
 .ARM.attributes
                0x0000032f       0x33 .\CortexM3\ARM_GCC_541\Debug\pulseDet_2.a(Counter_Reg_1.o)
 .ARM.attributes
                0x00000362       0x33 .\CortexM3\ARM_GCC_541\Debug\pulseDet_2.a(Counter_Reg_2.o)
 .ARM.attributes
                0x00000395       0x33 .\CortexM3\ARM_GCC_541\Debug\pulseDet_2.a(Counter_Reg_3.o)
 .ARM.attributes
                0x000003c8       0x33 .\CortexM3\ARM_GCC_541\Debug\pulseDet_2.a(preCount_th_Reg_3.o)
 .ARM.attributes
                0x000003fb       0x33 .\CortexM3\ARM_GCC_541\Debug\pulseDet_2.a(preCount_th_Reg_2.o)
 .ARM.attributes
                0x0000042e       0x33 .\CortexM3\ARM_GCC_541\Debug\pulseDet_2.a(preCount_th_Reg_1.o)
 .ARM.attributes
                0x00000461       0x33 .\CortexM3\ARM_GCC_541\Debug\pulseDet_2.a(Count_th_Reg_2.o)
 .ARM.attributes
                0x00000494       0x33 .\CortexM3\ARM_GCC_541\Debug\pulseDet_2.a(Count_th_Reg_1.o)
 .ARM.attributes
                0x000004c7       0x33 .\CortexM3\ARM_GCC_541\Debug\pulseDet_2.a(Control_Reg_1.o)
 .ARM.attributes
                0x000004fa       0x33 .\CortexM3\ARM_GCC_541\Debug\pulseDet_2.a(Count_th_Reg_3.o)
 .ARM.attributes
                0x0000052d       0x21 .\CortexM3\ARM_GCC_541\Debug\pulseDet_2.a(CyBootAsmGnu.o)
 .ARM.attributes
                0x0000054e       0x33 .\CortexM3\ARM_GCC_541\Debug\pulseDet_2.a(CyFlash.o)
 .ARM.attributes
                0x00000581       0x33 .\CortexM3\ARM_GCC_541\Debug\pulseDet_2.a(CySpc.o)
 .ARM.attributes
                0x000005b4       0x2d c:/program files (x86)/cypress/psoc creator/4.2/psoc creator/import/gnu/arm/5.4.1/bin/../lib/gcc/arm-none-eabi/5.4.1/../../../../arm-none-eabi/lib/armv7-m\libg_nano.a(lib_a-errno.o)
 .ARM.attributes
                0x000005e1       0x2d c:/program files (x86)/cypress/psoc creator/4.2/psoc creator/import/gnu/arm/5.4.1/bin/../lib/gcc/arm-none-eabi/5.4.1/../../../../arm-none-eabi/lib/armv7-m\libg_nano.a(lib_a-exit.o)
 .ARM.attributes
                0x0000060e       0x2d c:/program files (x86)/cypress/psoc creator/4.2/psoc creator/import/gnu/arm/5.4.1/bin/../lib/gcc/arm-none-eabi/5.4.1/../../../../arm-none-eabi/lib/armv7-m\libg_nano.a(lib_a-impure.o)
 .ARM.attributes
                0x0000063b       0x2d c:/program files (x86)/cypress/psoc creator/4.2/psoc creator/import/gnu/arm/5.4.1/bin/../lib/gcc/arm-none-eabi/5.4.1/../../../../arm-none-eabi/lib/armv7-m\libg_nano.a(lib_a-init.o)
 .ARM.attributes
                0x00000668       0x2d c:/program files (x86)/cypress/psoc creator/4.2/psoc creator/import/gnu/arm/5.4.1/bin/../lib/gcc/arm-none-eabi/5.4.1/../../../../arm-none-eabi/lib/armv7-m\libg_nano.a(lib_a-memcpy-stub.o)
 .ARM.attributes
                0x00000695       0x2d c:/program files (x86)/cypress/psoc creator/4.2/psoc creator/import/gnu/arm/5.4.1/bin/../lib/gcc/arm-none-eabi/5.4.1/../../../../arm-none-eabi/lib/armv7-m\libg_nano.a(lib_a-memset.o)
 .ARM.attributes
                0x000006c2       0x2d c:/program files (x86)/cypress/psoc creator/4.2/psoc creator/import/gnu/arm/5.4.1/bin/../lib/gcc/arm-none-eabi/5.4.1/armv7-m/crtend.o
 .ARM.attributes
                0x000006ef       0x1d c:/program files (x86)/cypress/psoc creator/4.2/psoc creator/import/gnu/arm/5.4.1/bin/../lib/gcc/arm-none-eabi/5.4.1/armv7-m/crtn.o

/DISCARD/
 *(.note.GNU-stack)
OUTPUT(C:\Users\lucas\Google Drive (lucas.s10@aluno.ifsc.edu.br)\ifsc\bolsa\pulseDet\PSOC_pulseMatchDetector\Psoc_project\pulseDet_2.cydsn\CortexM3\ARM_GCC_541\Debug\pulseDet_2.elf elf32-littlearm)
